<?xml version="1.0" encoding="utf-8"?><testsuites><testsuite name="pytest" errors="0" failures="0" skipped="0" tests="62" time="14.891" timestamp="2025-02-26T03:20:01.317664-05:00" hostname="cpu.local"><testcase classname="tests.test_document.TestDocumentHelpers" name="test_page_to_image" file="tests/test_document.py" line="22" time="0.044" /><testcase classname="tests.test_document.TestDocumentHelpers" name="test_extract_native_text" file="tests/test_document.py" line="39" time="0.005" /><testcase classname="tests.test_document.TestDocumentHelpers" name="test_has_images" file="tests/test_document.py" line="58" time="0.004" /><testcase classname="tests.test_document.TestDocumentHelpers" name="test_has_text_annotations" file="tests/test_document.py" line="68" time="0.004" /><testcase classname="tests.test_document.TestDocumentHelpers" name="test_page_needs_ocr" file="tests/test_document.py" line="78" time="0.004" /><testcase classname="tests.test_document.TestDocumentComponents" name="test_line_creation" file="tests/test_document.py" line="92" time="0.001" /><testcase classname="tests.test_document.TestDocumentComponents" name="test_block_creation" file="tests/test_document.py" line="106" time="0.001" /><testcase classname="tests.test_document.TestDocumentComponents" name="test_page_creation" file="tests/test_document.py" line="126" time="0.001" /><testcase classname="tests.test_document.TestPDFDocument" name="test_document_initialization" file="tests/test_document.py" line="159" time="0.004" /><testcase classname="tests.test_document.TestPDFDocument" name="test_document_processing" file="tests/test_document.py" line="170" time="0.036" /><testcase classname="tests.test_document.TestPDFDocument" name="test_document_data_export" file="tests/test_document.py" line="182" time="0.019" /><testcase classname="tests.test_document.TestPDFDocument" name="test_process_pdf_function" file="tests/test_document.py" line="201" time="0.018" /><testcase classname="tests.test_integration.TestIntegration" name="test_full_pipeline" file="../../../../../home/nathan/Dropbox/project/ocr/tests/test_integration.py" line="10" time="0.018" /><testcase classname="tests.test_integration.TestIntegration" name="test_pipeline_with_ocr" file="../../../../../home/nathan/Dropbox/project/ocr/tests/test_integration.py" line="39" time="0.017" /><testcase classname="tests.test_integration.TestIntegration" name="test_pipeline_with_layout" file="../../../../../home/nathan/Dropbox/project/ocr/tests/test_integration.py" line="56" time="0.015" /><testcase classname="tests.test_integration.TestIntegration" name="test_save_and_load" file="../../../../../home/nathan/Dropbox/project/ocr/tests/test_integration.py" line="75" time="0.017" /><testcase classname="tests.test_layout.TestLayoutHelpers" name="test_boxes_overlap_true" file="tests/test_layout.py" line="8" time="0.000" /><testcase classname="tests.test_layout.TestLayoutHelpers" name="test_boxes_overlap_false" file="tests/test_layout.py" line="24" time="0.000" /><testcase classname="tests.test_layout.TestLayoutHelpers" name="test_merge_boxes" file="tests/test_layout.py" line="32" time="0.000" /><testcase classname="tests.test_layout.TestLayoutHelpers" name="test_merge_overlapping_blocks_empty" file="tests/test_layout.py" line="47" time="0.000" /><testcase classname="tests.test_layout.TestLayoutHelpers" name="test_merge_overlapping_blocks" file="tests/test_layout.py" line="52" time="0.000" /><testcase classname="tests.test_layout.TestLayoutModel" name="test_load_model_cpu" file="tests/test_layout.py" line="77" time="0.001" /><testcase classname="tests.test_layout.TestLayoutModel" name="test_load_model_gpu" file="tests/test_layout.py" line="97" time="0.001" /><testcase classname="tests.test_layout.TestLayoutModel" name="test_predict_layout" file="tests/test_layout.py" line="117" time="0.004" /><testcase classname="tests.test_ocr.TestOCR" name="test_load_model_cpu" file="tests/test_ocr.py" line="14" time="0.001" /><testcase classname="tests.test_ocr.TestOCR" name="test_load_model_gpu" file="tests/test_ocr.py" line="40" time="0.001" /><testcase classname="tests.test_ocr.TestOCR" name="test_extract_ocr_text" file="tests/test_ocr.py" line="66" time="0.002" /><testcase classname="tests.test_ocr.TestOCR" name="test_extract_ocr_text_empty_result" file="tests/test_ocr.py" line="90" time="0.001" /><testcase classname="tests.test_ocr.TestOCR" name="test_real_ocr_extraction" file="tests/test_ocr.py" line="103" time="9.816" /><testcase classname="tests.test_remote.TestRunPodClient" name="test_init_with_defaults" file="tests/test_remote.py" line="22" time="0.000" /><testcase classname="tests.test_remote.TestRunPodClient" name="test_init_with_custom_values" file="tests/test_remote.py" line="37" time="0.000" /><testcase classname="tests.test_remote.TestRunPodClient" name="test_init_missing_api_key" file="tests/test_remote.py" line="48" time="0.001" /><testcase classname="tests.test_remote.TestRunPodClient" name="test_init_missing_endpoint_id" file="tests/test_remote.py" line="54" time="0.000" /><testcase classname="tests.test_remote.TestRunPodClient" name="test_call_missing_inputs" file="tests/test_remote.py" line="63" time="0.001" /><testcase classname="tests.test_remote.TestRunPodClient" name="test_submit_job" file="tests/test_remote.py" line="68" time="0.002" /><testcase classname="tests.test_remote.TestRunPodClient" name="test_submit_job_invalid_response" file="tests/test_remote.py" line="85" time="0.001" /><testcase classname="tests.test_remote.TestRunPodClient" name="test_submit_job_json_decode_error" file="tests/test_remote.py" line="95" time="0.001" /><testcase classname="tests.test_remote.TestRunPodClient" name="test_stream_results" file="tests/test_remote.py" line="105" time="0.002" /><testcase classname="tests.test_remote.TestRunPodClient" name="test_stream_results_not_ready" file="tests/test_remote.py" line="122" time="0.000" /><testcase classname="tests.test_remote.TestRunPodClient" name="test_stream_results_timeout" file="tests/test_remote.py" line="134" time="0.001" /><testcase classname="tests.test_remote.TestRunPodClient" name="test_stream_results_chunked_encoding_error" file="tests/test_remote.py" line="140" time="0.000" /><testcase classname="tests.test_remote.TestRunPodClient" name="test_call_with_s3_key" file="tests/test_remote.py" line="152" time="0.001" /><testcase classname="tests.test_remote.TestRunPodClient" name="test_call_with_file" file="tests/test_remote.py" line="171" time="0.001" /><testcase classname="tests.test_remote.TestRunPodClient" name="test_call_non_streaming" file="tests/test_remote.py" line="191" time="0.001" /><testcase classname="tests.test_remote.TestRunPodClient" name="test_get_status" file="tests/test_remote.py" line="207" time="0.001" /><testcase classname="tests.test_remote.TestRunPodClient" name="test_cancel_job" file="tests/test_remote.py" line="223" time="0.001" /><testcase classname="tests.test_remote.TestRunPodClient" name="test_purge_queue" file="tests/test_remote.py" line="239" time="0.001" /><testcase classname="tests.test_remote.TestRunPodClient" name="test_get_health" file="tests/test_remote.py" line="255" time="0.001" /><testcase classname="tests.test_remote.TestPDFDocumentRemote" name="test_stream_remote_with_s3_key" file="tests/test_remote.py" line="283" time="0.012" /><testcase classname="tests.test_remote.TestPDFDocumentRemote" name="test_stream_remote_with_nested_response" file="tests/test_remote.py" line="341" time="0.009" /><testcase classname="tests.test_remote.TestPDFDocumentRemote" name="test_upload_to_s3_failure" file="tests/test_remote.py" line="413" time="0.009" /><testcase classname="tests.test_remote.TestPDFDocumentRemote" name="test_process_remote" file="tests/test_remote.py" line="435" time="0.006" /><testcase classname="tests.test_remote.TestPDFDocumentRemote" name="test_cleanup_on_exception" file="tests/test_remote.py" line="490" time="0.005" /><testcase classname="tests.test_utils.TestS3Functions" name="test_upload_to_s3_success" file="tests/test_utils.py" line="12" time="0.002" /><testcase classname="tests.test_utils.TestS3Functions" name="test_upload_to_s3_file_exists" file="tests/test_utils.py" line="27" time="0.001" /><testcase classname="tests.test_utils.TestS3Functions" name="test_upload_to_s3_overwrite" file="tests/test_utils.py" line="40" time="0.001" /><testcase classname="tests.test_utils.TestS3Functions" name="test_download_from_s3_success" file="tests/test_utils.py" line="51" time="0.001" /><testcase classname="tests.test_utils.TestS3Functions" name="test_download_from_s3_default_path" file="tests/test_utils.py" line="65" time="0.001" /><testcase classname="tests.test_utils.TestS3Functions" name="test_download_from_s3_error" file="tests/test_utils.py" line="78" time="0.001" /><testcase classname="tests.test_utils.TestPDFLoading" name="test_load_pdf_from_bytes" file="tests/test_utils.py" line="94" time="0.005" /><testcase classname="tests.test_utils.TestPDFLoading" name="test_load_pdf_from_s3" file="tests/test_utils.py" line="103" time="0.008" /><testcase classname="tests.test_utils.TestPDFLoading" name="test_load_pdf_missing_params" file="tests/test_utils.py" line="132" time="0.001" /></testsuite></testsuites>